Archive member included to satisfy reference by file (symbol)

/home/sunbeam/ARM/Toolchain/gcc-arm-none-eabi-5_4-2016q2/arm-none-eabi/lib/armv7-m/libc.a(lib_a-exit.o)
                              /home/sunbeam/ARM/Toolchain/gcc-arm-none-eabi-5_4-2016q2/bin/../lib/gcc/arm-none-eabi/5.4.1/../../../../arm-none-eabi/lib/armv7-m/crt0.o (exit)
/home/sunbeam/ARM/Toolchain/gcc-arm-none-eabi-5_4-2016q2/arm-none-eabi/lib/armv7-m/libc.a(lib_a-impure.o)
                              /home/sunbeam/ARM/Toolchain/gcc-arm-none-eabi-5_4-2016q2/arm-none-eabi/lib/armv7-m/libc.a(lib_a-exit.o) (_global_impure_ptr)
/home/sunbeam/ARM/Toolchain/gcc-arm-none-eabi-5_4-2016q2/arm-none-eabi/lib/armv7-m/libc.a(lib_a-init.o)
                              /home/sunbeam/ARM/Toolchain/gcc-arm-none-eabi-5_4-2016q2/bin/../lib/gcc/arm-none-eabi/5.4.1/../../../../arm-none-eabi/lib/armv7-m/crt0.o (__libc_init_array)
/home/sunbeam/ARM/Toolchain/gcc-arm-none-eabi-5_4-2016q2/arm-none-eabi/lib/armv7-m/libc.a(lib_a-memset.o)
                              /home/sunbeam/ARM/Toolchain/gcc-arm-none-eabi-5_4-2016q2/bin/../lib/gcc/arm-none-eabi/5.4.1/../../../../arm-none-eabi/lib/armv7-m/crt0.o (memset)
/home/sunbeam/ARM/Toolchain/gcc-arm-none-eabi-5_4-2016q2/arm-none-eabi/lib/armv7-m/libc.a(lib_a-sprintf.o)
                              main.o (sprintf)
/home/sunbeam/ARM/Toolchain/gcc-arm-none-eabi-5_4-2016q2/arm-none-eabi/lib/armv7-m/libc.a(lib_a-svfprintf.o)
                              /home/sunbeam/ARM/Toolchain/gcc-arm-none-eabi-5_4-2016q2/arm-none-eabi/lib/armv7-m/libc.a(lib_a-sprintf.o) (_svfprintf_r)
/home/sunbeam/ARM/Toolchain/gcc-arm-none-eabi-5_4-2016q2/arm-none-eabi/lib/armv7-m/libc.a(lib_a-__call_atexit.o)
                              /home/sunbeam/ARM/Toolchain/gcc-arm-none-eabi-5_4-2016q2/arm-none-eabi/lib/armv7-m/libc.a(lib_a-exit.o) (__call_exitprocs)
/home/sunbeam/ARM/Toolchain/gcc-arm-none-eabi-5_4-2016q2/arm-none-eabi/lib/armv7-m/libc.a(lib_a-atexit.o)
                              /home/sunbeam/ARM/Toolchain/gcc-arm-none-eabi-5_4-2016q2/arm-none-eabi/lib/armv7-m/libc.a(lib_a-__call_atexit.o) (atexit)
/home/sunbeam/ARM/Toolchain/gcc-arm-none-eabi-5_4-2016q2/arm-none-eabi/lib/armv7-m/libc.a(lib_a-dtoa.o)
                              /home/sunbeam/ARM/Toolchain/gcc-arm-none-eabi-5_4-2016q2/arm-none-eabi/lib/armv7-m/libc.a(lib_a-svfprintf.o) (_dtoa_r)
/home/sunbeam/ARM/Toolchain/gcc-arm-none-eabi-5_4-2016q2/arm-none-eabi/lib/armv7-m/libc.a(lib_a-fini.o)
                              /home/sunbeam/ARM/Toolchain/gcc-arm-none-eabi-5_4-2016q2/arm-none-eabi/lib/armv7-m/libc.a(lib_a-__call_atexit.o) (__libc_fini_array)
/home/sunbeam/ARM/Toolchain/gcc-arm-none-eabi-5_4-2016q2/arm-none-eabi/lib/armv7-m/libc.a(lib_a-locale.o)
                              /home/sunbeam/ARM/Toolchain/gcc-arm-none-eabi-5_4-2016q2/arm-none-eabi/lib/armv7-m/libc.a(lib_a-svfprintf.o) (_localeconv_r)
/home/sunbeam/ARM/Toolchain/gcc-arm-none-eabi-5_4-2016q2/arm-none-eabi/lib/armv7-m/libc.a(lib_a-mallocr.o)
                              /home/sunbeam/ARM/Toolchain/gcc-arm-none-eabi-5_4-2016q2/arm-none-eabi/lib/armv7-m/libc.a(lib_a-svfprintf.o) (_malloc_r)
/home/sunbeam/ARM/Toolchain/gcc-arm-none-eabi-5_4-2016q2/arm-none-eabi/lib/armv7-m/libc.a(lib_a-memchr-stub.o)
                              /home/sunbeam/ARM/Toolchain/gcc-arm-none-eabi-5_4-2016q2/arm-none-eabi/lib/armv7-m/libc.a(lib_a-svfprintf.o) (memchr)
/home/sunbeam/ARM/Toolchain/gcc-arm-none-eabi-5_4-2016q2/arm-none-eabi/lib/armv7-m/libc.a(lib_a-memcpy.o)
                              /home/sunbeam/ARM/Toolchain/gcc-arm-none-eabi-5_4-2016q2/arm-none-eabi/lib/armv7-m/libc.a(lib_a-dtoa.o) (memcpy)
/home/sunbeam/ARM/Toolchain/gcc-arm-none-eabi-5_4-2016q2/arm-none-eabi/lib/armv7-m/libc.a(lib_a-mlock.o)
                              /home/sunbeam/ARM/Toolchain/gcc-arm-none-eabi-5_4-2016q2/arm-none-eabi/lib/armv7-m/libc.a(lib_a-mallocr.o) (__malloc_lock)
/home/sunbeam/ARM/Toolchain/gcc-arm-none-eabi-5_4-2016q2/arm-none-eabi/lib/armv7-m/libc.a(lib_a-mprec.o)
                              /home/sunbeam/ARM/Toolchain/gcc-arm-none-eabi-5_4-2016q2/arm-none-eabi/lib/armv7-m/libc.a(lib_a-dtoa.o) (_Balloc)
/home/sunbeam/ARM/Toolchain/gcc-arm-none-eabi-5_4-2016q2/arm-none-eabi/lib/armv7-m/libc.a(lib_a-sbrkr.o)
                              /home/sunbeam/ARM/Toolchain/gcc-arm-none-eabi-5_4-2016q2/arm-none-eabi/lib/armv7-m/libc.a(lib_a-mallocr.o) (_sbrk_r)
/home/sunbeam/ARM/Toolchain/gcc-arm-none-eabi-5_4-2016q2/arm-none-eabi/lib/armv7-m/libc.a(lib_a-strcmp.o)
                              /home/sunbeam/ARM/Toolchain/gcc-arm-none-eabi-5_4-2016q2/arm-none-eabi/lib/armv7-m/libc.a(lib_a-locale.o) (strcmp)
/home/sunbeam/ARM/Toolchain/gcc-arm-none-eabi-5_4-2016q2/arm-none-eabi/lib/armv7-m/libc.a(lib_a-strlen-stub.o)
                              /home/sunbeam/ARM/Toolchain/gcc-arm-none-eabi-5_4-2016q2/arm-none-eabi/lib/armv7-m/libc.a(lib_a-svfprintf.o) (strlen)
/home/sunbeam/ARM/Toolchain/gcc-arm-none-eabi-5_4-2016q2/arm-none-eabi/lib/armv7-m/libc.a(lib_a-svfiprintf.o)
                              /home/sunbeam/ARM/Toolchain/gcc-arm-none-eabi-5_4-2016q2/arm-none-eabi/lib/armv7-m/libc.a(lib_a-svfprintf.o) (__ssprint_r)
/home/sunbeam/ARM/Toolchain/gcc-arm-none-eabi-5_4-2016q2/arm-none-eabi/lib/armv7-m/libc.a(lib_a-__atexit.o)
                              /home/sunbeam/ARM/Toolchain/gcc-arm-none-eabi-5_4-2016q2/arm-none-eabi/lib/armv7-m/libc.a(lib_a-atexit.o) (__register_exitproc)
/home/sunbeam/ARM/Toolchain/gcc-arm-none-eabi-5_4-2016q2/arm-none-eabi/lib/armv7-m/libc.a(lib_a-callocr.o)
                              /home/sunbeam/ARM/Toolchain/gcc-arm-none-eabi-5_4-2016q2/arm-none-eabi/lib/armv7-m/libc.a(lib_a-mprec.o) (_calloc_r)
/home/sunbeam/ARM/Toolchain/gcc-arm-none-eabi-5_4-2016q2/arm-none-eabi/lib/armv7-m/libc.a(lib_a-freer.o)
                              /home/sunbeam/ARM/Toolchain/gcc-arm-none-eabi-5_4-2016q2/arm-none-eabi/lib/armv7-m/libc.a(lib_a-mallocr.o) (_free_r)
/home/sunbeam/ARM/Toolchain/gcc-arm-none-eabi-5_4-2016q2/arm-none-eabi/lib/armv7-m/libc.a(lib_a-memmove.o)
                              /home/sunbeam/ARM/Toolchain/gcc-arm-none-eabi-5_4-2016q2/arm-none-eabi/lib/armv7-m/libc.a(lib_a-svfiprintf.o) (memmove)
/home/sunbeam/ARM/Toolchain/gcc-arm-none-eabi-5_4-2016q2/arm-none-eabi/lib/armv7-m/libc.a(lib_a-reallocr.o)
                              /home/sunbeam/ARM/Toolchain/gcc-arm-none-eabi-5_4-2016q2/arm-none-eabi/lib/armv7-m/libc.a(lib_a-svfiprintf.o) (_realloc_r)
/home/sunbeam/ARM/Toolchain/gcc-arm-none-eabi-5_4-2016q2/arm-none-eabi/lib/armv7-m/libc.a(lib_a-reent.o)
                              /home/sunbeam/ARM/Toolchain/gcc-arm-none-eabi-5_4-2016q2/arm-none-eabi/lib/armv7-m/libc.a(lib_a-sbrkr.o) (errno)
/home/sunbeam/ARM/Toolchain/gcc-arm-none-eabi-5_4-2016q2/arm-none-eabi/lib/armv7-m/libnosys.a(sbrk.o)
                              /home/sunbeam/ARM/Toolchain/gcc-arm-none-eabi-5_4-2016q2/arm-none-eabi/lib/armv7-m/libc.a(lib_a-sbrkr.o) (_sbrk)
/home/sunbeam/ARM/Toolchain/gcc-arm-none-eabi-5_4-2016q2/bin/../lib/gcc/arm-none-eabi/5.4.1/armv7-m/libgcc.a(_arm_addsubdf3.o)
                              /home/sunbeam/ARM/Toolchain/gcc-arm-none-eabi-5_4-2016q2/arm-none-eabi/lib/armv7-m/libc.a(lib_a-dtoa.o) (__aeabi_dsub)
/home/sunbeam/ARM/Toolchain/gcc-arm-none-eabi-5_4-2016q2/bin/../lib/gcc/arm-none-eabi/5.4.1/armv7-m/libgcc.a(_arm_muldivdf3.o)
                              /home/sunbeam/ARM/Toolchain/gcc-arm-none-eabi-5_4-2016q2/arm-none-eabi/lib/armv7-m/libc.a(lib_a-dtoa.o) (__aeabi_dmul)
/home/sunbeam/ARM/Toolchain/gcc-arm-none-eabi-5_4-2016q2/bin/../lib/gcc/arm-none-eabi/5.4.1/armv7-m/libgcc.a(_arm_cmpdf2.o)
                              /home/sunbeam/ARM/Toolchain/gcc-arm-none-eabi-5_4-2016q2/arm-none-eabi/lib/armv7-m/libc.a(lib_a-svfprintf.o) (__aeabi_dcmpeq)
/home/sunbeam/ARM/Toolchain/gcc-arm-none-eabi-5_4-2016q2/bin/../lib/gcc/arm-none-eabi/5.4.1/armv7-m/libgcc.a(_arm_unorddf2.o)
                              /home/sunbeam/ARM/Toolchain/gcc-arm-none-eabi-5_4-2016q2/arm-none-eabi/lib/armv7-m/libc.a(lib_a-svfprintf.o) (__aeabi_dcmpun)
/home/sunbeam/ARM/Toolchain/gcc-arm-none-eabi-5_4-2016q2/bin/../lib/gcc/arm-none-eabi/5.4.1/armv7-m/libgcc.a(_arm_fixdfsi.o)
                              /home/sunbeam/ARM/Toolchain/gcc-arm-none-eabi-5_4-2016q2/arm-none-eabi/lib/armv7-m/libc.a(lib_a-dtoa.o) (__aeabi_d2iz)
/home/sunbeam/ARM/Toolchain/gcc-arm-none-eabi-5_4-2016q2/bin/../lib/gcc/arm-none-eabi/5.4.1/armv7-m/libgcc.a(_aeabi_uldivmod.o)
                              system_LPC17xx.o (__aeabi_uldivmod)
/home/sunbeam/ARM/Toolchain/gcc-arm-none-eabi-5_4-2016q2/bin/../lib/gcc/arm-none-eabi/5.4.1/armv7-m/libgcc.a(_udivmoddi4.o)
                              /home/sunbeam/ARM/Toolchain/gcc-arm-none-eabi-5_4-2016q2/bin/../lib/gcc/arm-none-eabi/5.4.1/armv7-m/libgcc.a(_aeabi_uldivmod.o) (__udivmoddi4)
/home/sunbeam/ARM/Toolchain/gcc-arm-none-eabi-5_4-2016q2/bin/../lib/gcc/arm-none-eabi/5.4.1/armv7-m/libgcc.a(_dvmd_tls.o)
                              /home/sunbeam/ARM/Toolchain/gcc-arm-none-eabi-5_4-2016q2/bin/../lib/gcc/arm-none-eabi/5.4.1/armv7-m/libgcc.a(_aeabi_uldivmod.o) (__aeabi_ldiv0)

Allocating common symbols
Common symbol       size              file

errno               0x4               /home/sunbeam/ARM/Toolchain/gcc-arm-none-eabi-5_4-2016q2/arm-none-eabi/lib/armv7-m/libc.a(lib_a-reent.o)

Discarded input sections

 .text          0x00000000        0x0 /home/sunbeam/ARM/Toolchain/gcc-arm-none-eabi-5_4-2016q2/bin/../lib/gcc/arm-none-eabi/5.4.1/armv7-m/crti.o
 .data          0x00000000        0x0 /home/sunbeam/ARM/Toolchain/gcc-arm-none-eabi-5_4-2016q2/bin/../lib/gcc/arm-none-eabi/5.4.1/armv7-m/crti.o
 .bss           0x00000000        0x0 /home/sunbeam/ARM/Toolchain/gcc-arm-none-eabi-5_4-2016q2/bin/../lib/gcc/arm-none-eabi/5.4.1/armv7-m/crti.o
 .data          0x00000000        0x4 /home/sunbeam/ARM/Toolchain/gcc-arm-none-eabi-5_4-2016q2/bin/../lib/gcc/arm-none-eabi/5.4.1/armv7-m/crtbegin.o
 .text          0x00000000       0x74 /home/sunbeam/ARM/Toolchain/gcc-arm-none-eabi-5_4-2016q2/bin/../lib/gcc/arm-none-eabi/5.4.1/../../../../arm-none-eabi/lib/armv7-m/crt0.o
 .data          0x00000000        0x0 /home/sunbeam/ARM/Toolchain/gcc-arm-none-eabi-5_4-2016q2/bin/../lib/gcc/arm-none-eabi/5.4.1/../../../../arm-none-eabi/lib/armv7-m/crt0.o
 .bss           0x00000000        0x0 /home/sunbeam/ARM/Toolchain/gcc-arm-none-eabi-5_4-2016q2/bin/../lib/gcc/arm-none-eabi/5.4.1/../../../../arm-none-eabi/lib/armv7-m/crt0.o
 .ARM.extab     0x00000000        0x0 /home/sunbeam/ARM/Toolchain/gcc-arm-none-eabi-5_4-2016q2/bin/../lib/gcc/arm-none-eabi/5.4.1/../../../../arm-none-eabi/lib/armv7-m/crt0.o
 .ARM.exidx     0x00000000        0x8 /home/sunbeam/ARM/Toolchain/gcc-arm-none-eabi-5_4-2016q2/bin/../lib/gcc/arm-none-eabi/5.4.1/../../../../arm-none-eabi/lib/armv7-m/crt0.o
 .ARM.attributes
                0x00000000       0x1b /home/sunbeam/ARM/Toolchain/gcc-arm-none-eabi-5_4-2016q2/bin/../lib/gcc/arm-none-eabi/5.4.1/../../../../arm-none-eabi/lib/armv7-m/crt0.o
 .text          0x00000000        0x0 main.o
 .data          0x00000000        0x0 main.o
 .bss           0x00000000        0x0 main.o
 .text          0x00000000        0x0 startup_LPC17xx.o
 .data          0x00000000        0x0 startup_LPC17xx.o
 .bss           0x00000000        0x0 startup_LPC17xx.o
 .text          0x00000000        0x0 system_LPC17xx.o
 .data          0x00000000        0x0 system_LPC17xx.o
 .bss           0x00000000        0x0 system_LPC17xx.o
 .data.SystemCoreClock
                0x00000000        0x4 system_LPC17xx.o
 .text.SystemCoreClockUpdate
                0x00000000      0x284 system_LPC17xx.o
 .text._exit    0x00000000        0xc system_LPC17xx.o
 .text          0x00000000        0x0 lcd.o
 .data          0x00000000        0x0 lcd.o
 .bss           0x00000000        0x0 lcd.o
 .text          0x00000000        0x0 adc.o
 .data          0x00000000        0x0 adc.o
 .bss           0x00000000        0x0 adc.o
 .text          0x00000000        0x0 /home/sunbeam/ARM/Toolchain/gcc-arm-none-eabi-5_4-2016q2/arm-none-eabi/lib/armv7-m/libc.a(lib_a-exit.o)
 .data          0x00000000        0x0 /home/sunbeam/ARM/Toolchain/gcc-arm-none-eabi-5_4-2016q2/arm-none-eabi/lib/armv7-m/libc.a(lib_a-exit.o)
 .bss           0x00000000        0x0 /home/sunbeam/ARM/Toolchain/gcc-arm-none-eabi-5_4-2016q2/arm-none-eabi/lib/armv7-m/libc.a(lib_a-exit.o)
 .text.exit     0x00000000       0x20 /home/sunbeam/ARM/Toolchain/gcc-arm-none-eabi-5_4-2016q2/arm-none-eabi/lib/armv7-m/libc.a(lib_a-exit.o)
 .debug_frame   0x00000000       0x28 /home/sunbeam/ARM/Toolchain/gcc-arm-none-eabi-5_4-2016q2/arm-none-eabi/lib/armv7-m/libc.a(lib_a-exit.o)
 .ARM.attributes
                0x00000000       0x2d /home/sunbeam/ARM/Toolchain/gcc-arm-none-eabi-5_4-2016q2/arm-none-eabi/lib/armv7-m/libc.a(lib_a-exit.o)
 .text          0x00000000        0x0 /home/sunbeam/ARM/Toolchain/gcc-arm-none-eabi-5_4-2016q2/arm-none-eabi/lib/armv7-m/libc.a(lib_a-impure.o)
 .data          0x00000000        0x0 /home/sunbeam/ARM/Toolchain/gcc-arm-none-eabi-5_4-2016q2/arm-none-eabi/lib/armv7-m/libc.a(lib_a-impure.o)
 .bss           0x00000000        0x0 /home/sunbeam/ARM/Toolchain/gcc-arm-none-eabi-5_4-2016q2/arm-none-eabi/lib/armv7-m/libc.a(lib_a-impure.o)
 .text          0x00000000        0x0 /home/sunbeam/ARM/Toolchain/gcc-arm-none-eabi-5_4-2016q2/arm-none-eabi/lib/armv7-m/libc.a(lib_a-init.o)
 .data          0x00000000        0x0 /home/sunbeam/ARM/Toolchain/gcc-arm-none-eabi-5_4-2016q2/arm-none-eabi/lib/armv7-m/libc.a(lib_a-init.o)
 .bss           0x00000000        0x0 /home/sunbeam/ARM/Toolchain/gcc-arm-none-eabi-5_4-2016q2/arm-none-eabi/lib/armv7-m/libc.a(lib_a-init.o)
 .text.__libc_init_array
                0x00000000       0x50 /home/sunbeam/ARM/Toolchain/gcc-arm-none-eabi-5_4-2016q2/arm-none-eabi/lib/armv7-m/libc.a(lib_a-init.o)
 .debug_frame   0x00000000       0x2c /home/sunbeam/ARM/Toolchain/gcc-arm-none-eabi-5_4-2016q2/arm-none-eabi/lib/armv7-m/libc.a(lib_a-init.o)
 .ARM.attributes
                0x00000000       0x2d /home/sunbeam/ARM/Toolchain/gcc-arm-none-eabi-5_4-2016q2/arm-none-eabi/lib/armv7-m/libc.a(lib_a-init.o)
 .text          0x00000000        0x0 /home/sunbeam/ARM/Toolchain/gcc-arm-none-eabi-5_4-2016q2/arm-none-eabi/lib/armv7-m/libc.a(lib_a-memset.o)
 .data          0x00000000        0x0 /home/sunbeam/ARM/Toolchain/gcc-arm-none-eabi-5_4-2016q2/arm-none-eabi/lib/armv7-m/libc.a(lib_a-memset.o)
 .bss           0x00000000        0x0 /home/sunbeam/ARM/Toolchain/gcc-arm-none-eabi-5_4-2016q2/arm-none-eabi/lib/armv7-m/libc.a(lib_a-memset.o)
 .text          0x00000000        0x0 /home/sunbeam/ARM/Toolchain/gcc-arm-none-eabi-5_4-2016q2/arm-none-eabi/lib/armv7-m/libc.a(lib_a-sprintf.o)
 .data          0x00000000        0x0 /home/sunbeam/ARM/Toolchain/gcc-arm-none-eabi-5_4-2016q2/arm-none-eabi/lib/armv7-m/libc.a(lib_a-sprintf.o)
 .bss           0x00000000        0x0 /home/sunbeam/ARM/Toolchain/gcc-arm-none-eabi-5_4-2016q2/arm-none-eabi/lib/armv7-m/libc.a(lib_a-sprintf.o)
 .text._sprintf_r
                0x00000000       0x44 /home/sunbeam/ARM/Toolchain/gcc-arm-none-eabi-5_4-2016q2/arm-none-eabi/lib/armv7-m/libc.a(lib_a-sprintf.o)
 .text          0x00000000        0x0 /home/sunbeam/ARM/Toolchain/gcc-arm-none-eabi-5_4-2016q2/arm-none-eabi/lib/armv7-m/libc.a(lib_a-svfprintf.o)
 .data          0x00000000        0x0 /home/sunbeam/ARM/Toolchain/gcc-arm-none-eabi-5_4-2016q2/arm-none-eabi/lib/armv7-m/libc.a(lib_a-svfprintf.o)
 .bss           0x00000000        0x0 /home/sunbeam/ARM/Toolchain/gcc-arm-none-eabi-5_4-2016q2/arm-none-eabi/lib/armv7-m/libc.a(lib_a-svfprintf.o)
 .text          0x00000000        0x0 /home/sunbeam/ARM/Toolchain/gcc-arm-none-eabi-5_4-2016q2/arm-none-eabi/lib/armv7-m/libc.a(lib_a-__call_atexit.o)
 .data          0x00000000        0x0 /home/sunbeam/ARM/Toolchain/gcc-arm-none-eabi-5_4-2016q2/arm-none-eabi/lib/armv7-m/libc.a(lib_a-__call_atexit.o)
 .bss           0x00000000        0x0 /home/sunbeam/ARM/Toolchain/gcc-arm-none-eabi-5_4-2016q2/arm-none-eabi/lib/armv7-m/libc.a(lib_a-__call_atexit.o)
 .text.__call_exitprocs
                0x00000000       0xd8 /home/sunbeam/ARM/Toolchain/gcc-arm-none-eabi-5_4-2016q2/arm-none-eabi/lib/armv7-m/libc.a(lib_a-__call_atexit.o)
 .text          0x00000000        0x0 /home/sunbeam/ARM/Toolchain/gcc-arm-none-eabi-5_4-2016q2/arm-none-eabi/lib/armv7-m/libc.a(lib_a-atexit.o)
 .data          0x00000000        0x0 /home/sunbeam/ARM/Toolchain/gcc-arm-none-eabi-5_4-2016q2/arm-none-eabi/lib/armv7-m/libc.a(lib_a-atexit.o)
 .bss           0x00000000        0x0 /home/sunbeam/ARM/Toolchain/gcc-arm-none-eabi-5_4-2016q2/arm-none-eabi/lib/armv7-m/libc.a(lib_a-atexit.o)
 .text          0x00000000        0x0 /home/sunbeam/ARM/Toolchain/gcc-arm-none-eabi-5_4-2016q2/arm-none-eabi/lib/armv7-m/libc.a(lib_a-dtoa.o)
 .data          0x00000000        0x0 /home/sunbeam/ARM/Toolchain/gcc-arm-none-eabi-5_4-2016q2/arm-none-eabi/lib/armv7-m/libc.a(lib_a-dtoa.o)
 .bss           0x00000000        0x0 /home/sunbeam/ARM/Toolchain/gcc-arm-none-eabi-5_4-2016q2/arm-none-eabi/lib/armv7-m/libc.a(lib_a-dtoa.o)
 .text          0x00000000        0x0 /home/sunbeam/ARM/Toolchain/gcc-arm-none-eabi-5_4-2016q2/arm-none-eabi/lib/armv7-m/libc.a(lib_a-fini.o)
 .data          0x00000000        0x0 /home/sunbeam/ARM/Toolchain/gcc-arm-none-eabi-5_4-2016q2/arm-none-eabi/lib/armv7-m/libc.a(lib_a-fini.o)
 .bss           0x00000000        0x0 /home/sunbeam/ARM/Toolchain/gcc-arm-none-eabi-5_4-2016q2/arm-none-eabi/lib/armv7-m/libc.a(lib_a-fini.o)
 .text          0x00000000        0x0 /home/sunbeam/ARM/Toolchain/gcc-arm-none-eabi-5_4-2016q2/arm-none-eabi/lib/armv7-m/libc.a(lib_a-locale.o)
 .data          0x00000000        0x0 /home/sunbeam/ARM/Toolchain/gcc-arm-none-eabi-5_4-2016q2/arm-none-eabi/lib/armv7-m/libc.a(lib_a-locale.o)
 .bss           0x00000000        0x0 /home/sunbeam/ARM/Toolchain/gcc-arm-none-eabi-5_4-2016q2/arm-none-eabi/lib/armv7-m/libc.a(lib_a-locale.o)
 .text._setlocale_r
                0x00000000       0x40 /home/sunbeam/ARM/Toolchain/gcc-arm-none-eabi-5_4-2016q2/arm-none-eabi/lib/armv7-m/libc.a(lib_a-locale.o)
 .text.__locale_charset
                0x00000000        0x8 /home/sunbeam/ARM/Toolchain/gcc-arm-none-eabi-5_4-2016q2/arm-none-eabi/lib/armv7-m/libc.a(lib_a-locale.o)
 .text.__locale_mb_cur_max
                0x00000000        0xc /home/sunbeam/ARM/Toolchain/gcc-arm-none-eabi-5_4-2016q2/arm-none-eabi/lib/armv7-m/libc.a(lib_a-locale.o)
 .text.__locale_msgcharset
                0x00000000        0x8 /home/sunbeam/ARM/Toolchain/gcc-arm-none-eabi-5_4-2016q2/arm-none-eabi/lib/armv7-m/libc.a(lib_a-locale.o)
 .text.__locale_cjk_lang
                0x00000000        0x4 /home/sunbeam/ARM/Toolchain/gcc-arm-none-eabi-5_4-2016q2/arm-none-eabi/lib/armv7-m/libc.a(lib_a-locale.o)
 .text.setlocale
                0x00000000       0x10 /home/sunbeam/ARM/Toolchain/gcc-arm-none-eabi-5_4-2016q2/arm-none-eabi/lib/armv7-m/libc.a(lib_a-locale.o)
 .text.localeconv
                0x00000000        0x8 /home/sunbeam/ARM/Toolchain/gcc-arm-none-eabi-5_4-2016q2/arm-none-eabi/lib/armv7-m/libc.a(lib_a-locale.o)
 .data.lc_message_charset
                0x00000000       0x20 /home/sunbeam/ARM/Toolchain/gcc-arm-none-eabi-5_4-2016q2/arm-none-eabi/lib/armv7-m/libc.a(lib_a-locale.o)
 .bss._PathLocale
                0x00000000        0x4 /home/sunbeam/ARM/Toolchain/gcc-arm-none-eabi-5_4-2016q2/arm-none-eabi/lib/armv7-m/libc.a(lib_a-locale.o)
 .bss.__nlocale_changed
                0x00000000        0x4 /home/sunbeam/ARM/Toolchain/gcc-arm-none-eabi-5_4-2016q2/arm-none-eabi/lib/armv7-m/libc.a(lib_a-locale.o)
 .bss.__mlocale_changed
                0x00000000        0x4 /home/sunbeam/ARM/Toolchain/gcc-arm-none-eabi-5_4-2016q2/arm-none-eabi/lib/armv7-m/libc.a(lib_a-locale.o)
 .data.lc_ctype_charset
                0x00000000       0x20 /home/sunbeam/ARM/Toolchain/gcc-arm-none-eabi-5_4-2016q2/arm-none-eabi/lib/armv7-m/libc.a(lib_a-locale.o)
 .data.__mb_cur_max
                0x00000000        0x4 /home/sunbeam/ARM/Toolchain/gcc-arm-none-eabi-5_4-2016q2/arm-none-eabi/lib/armv7-m/libc.a(lib_a-locale.o)
 .text          0x00000000        0x0 /home/sunbeam/ARM/Toolchain/gcc-arm-none-eabi-5_4-2016q2/arm-none-eabi/lib/armv7-m/libc.a(lib_a-mallocr.o)
 .data          0x00000000        0x0 /home/sunbeam/ARM/Toolchain/gcc-arm-none-eabi-5_4-2016q2/arm-none-eabi/lib/armv7-m/libc.a(lib_a-mallocr.o)
 .bss           0x00000000        0x0 /home/sunbeam/ARM/Toolchain/gcc-arm-none-eabi-5_4-2016q2/arm-none-eabi/lib/armv7-m/libc.a(lib_a-mallocr.o)
 .text          0x00000000        0x0 /home/sunbeam/ARM/Toolchain/gcc-arm-none-eabi-5_4-2016q2/arm-none-eabi/lib/armv7-m/libc.a(lib_a-memchr-stub.o)
 .data          0x00000000        0x0 /home/sunbeam/ARM/Toolchain/gcc-arm-none-eabi-5_4-2016q2/arm-none-eabi/lib/armv7-m/libc.a(lib_a-memchr-stub.o)
 .bss           0x00000000        0x0 /home/sunbeam/ARM/Toolchain/gcc-arm-none-eabi-5_4-2016q2/arm-none-eabi/lib/armv7-m/libc.a(lib_a-memchr-stub.o)
 .data          0x00000000        0x0 /home/sunbeam/ARM/Toolchain/gcc-arm-none-eabi-5_4-2016q2/arm-none-eabi/lib/armv7-m/libc.a(lib_a-memcpy.o)
 .bss           0x00000000        0x0 /home/sunbeam/ARM/Toolchain/gcc-arm-none-eabi-5_4-2016q2/arm-none-eabi/lib/armv7-m/libc.a(lib_a-memcpy.o)
 .text          0x00000000        0x0 /home/sunbeam/ARM/Toolchain/gcc-arm-none-eabi-5_4-2016q2/arm-none-eabi/lib/armv7-m/libc.a(lib_a-mlock.o)
 .data          0x00000000        0x0 /home/sunbeam/ARM/Toolchain/gcc-arm-none-eabi-5_4-2016q2/arm-none-eabi/lib/armv7-m/libc.a(lib_a-mlock.o)
 .bss           0x00000000        0x0 /home/sunbeam/ARM/Toolchain/gcc-arm-none-eabi-5_4-2016q2/arm-none-eabi/lib/armv7-m/libc.a(lib_a-mlock.o)
 .text          0x00000000        0x0 /home/sunbeam/ARM/Toolchain/gcc-arm-none-eabi-5_4-2016q2/arm-none-eabi/lib/armv7-m/libc.a(lib_a-mprec.o)
 .data          0x00000000        0x0 /home/sunbeam/ARM/Toolchain/gcc-arm-none-eabi-5_4-2016q2/arm-none-eabi/lib/armv7-m/libc.a(lib_a-mprec.o)
 .bss           0x00000000        0x0 /home/sunbeam/ARM/Toolchain/gcc-arm-none-eabi-5_4-2016q2/arm-none-eabi/lib/armv7-m/libc.a(lib_a-mprec.o)
 .text.__s2b    0x00000000       0x98 /home/sunbeam/ARM/Toolchain/gcc-arm-none-eabi-5_4-2016q2/arm-none-eabi/lib/armv7-m/libc.a(lib_a-mprec.o)
 .text.__ulp    0x00000000       0x44 /home/sunbeam/ARM/Toolchain/gcc-arm-none-eabi-5_4-2016q2/arm-none-eabi/lib/armv7-m/libc.a(lib_a-mprec.o)
 .text.__b2d    0x00000000       0xd4 /home/sunbeam/ARM/Toolchain/gcc-arm-none-eabi-5_4-2016q2/arm-none-eabi/lib/armv7-m/libc.a(lib_a-mprec.o)
 .text.__ratio  0x00000000       0x54 /home/sunbeam/ARM/Toolchain/gcc-arm-none-eabi-5_4-2016q2/arm-none-eabi/lib/armv7-m/libc.a(lib_a-mprec.o)
 .text._mprec_log10
                0x00000000       0x34 /home/sunbeam/ARM/Toolchain/gcc-arm-none-eabi-5_4-2016q2/arm-none-eabi/lib/armv7-m/libc.a(lib_a-mprec.o)
 .text.__copybits
                0x00000000       0x48 /home/sunbeam/ARM/Toolchain/gcc-arm-none-eabi-5_4-2016q2/arm-none-eabi/lib/armv7-m/libc.a(lib_a-mprec.o)
 .text.__any_on
                0x00000000       0x5c /home/sunbeam/ARM/Toolchain/gcc-arm-none-eabi-5_4-2016q2/arm-none-eabi/lib/armv7-m/libc.a(lib_a-mprec.o)
 .rodata.__mprec_tinytens
                0x00000000       0x28 /home/sunbeam/ARM/Toolchain/gcc-arm-none-eabi-5_4-2016q2/arm-none-eabi/lib/armv7-m/libc.a(lib_a-mprec.o)
 .text          0x00000000        0x0 /home/sunbeam/ARM/Toolchain/gcc-arm-none-eabi-5_4-2016q2/arm-none-eabi/lib/armv7-m/libc.a(lib_a-sbrkr.o)
 .data          0x00000000        0x0 /home/sunbeam/ARM/Toolchain/gcc-arm-none-eabi-5_4-2016q2/arm-none-eabi/lib/armv7-m/libc.a(lib_a-sbrkr.o)
 .bss           0x00000000        0x0 /home/sunbeam/ARM/Toolchain/gcc-arm-none-eabi-5_4-2016q2/arm-none-eabi/lib/armv7-m/libc.a(lib_a-sbrkr.o)
 .text          0x00000000      0x1bc /home/sunbeam/ARM/Toolchain/gcc-arm-none-eabi-5_4-2016q2/arm-none-eabi/lib/armv7-m/libc.a(lib_a-strcmp.o)
 .data          0x00000000        0x0 /home/sunbeam/ARM/Toolchain/gcc-arm-none-eabi-5_4-2016q2/arm-none-eabi/lib/armv7-m/libc.a(lib_a-strcmp.o)
 .bss           0x00000000        0x0 /home/sunbeam/ARM/Toolchain/gcc-arm-none-eabi-5_4-2016q2/arm-none-eabi/lib/armv7-m/libc.a(lib_a-strcmp.o)
 .debug_frame   0x00000000       0x34 /home/sunbeam/ARM/Toolchain/gcc-arm-none-eabi-5_4-2016q2/arm-none-eabi/lib/armv7-m/libc.a(lib_a-strcmp.o)
 .ARM.attributes
                0x00000000       0x1b /home/sunbeam/ARM/Toolchain/gcc-arm-none-eabi-5_4-2016q2/arm-none-eabi/lib/armv7-m/libc.a(lib_a-strcmp.o)
 .text          0x00000000        0x0 /home/sunbeam/ARM/Toolchain/gcc-arm-none-eabi-5_4-2016q2/arm-none-eabi/lib/armv7-m/libc.a(lib_a-strlen-stub.o)
 .data          0x00000000        0x0 /home/sunbeam/ARM/Toolchain/gcc-arm-none-eabi-5_4-2016q2/arm-none-eabi/lib/armv7-m/libc.a(lib_a-strlen-stub.o)
 .bss           0x00000000        0x0 /home/sunbeam/ARM/Toolchain/gcc-arm-none-eabi-5_4-2016q2/arm-none-eabi/lib/armv7-m/libc.a(lib_a-strlen-stub.o)
 .text          0x00000000        0x0 /home/sunbeam/ARM/Toolchain/gcc-arm-none-eabi-5_4-2016q2/arm-none-eabi/lib/armv7-m/libc.a(lib_a-svfiprintf.o)
 .data          0x00000000        0x0 /home/sunbeam/ARM/Toolchain/gcc-arm-none-eabi-5_4-2016q2/arm-none-eabi/lib/armv7-m/libc.a(lib_a-svfiprintf.o)
 .bss           0x00000000        0x0 /home/sunbeam/ARM/Toolchain/gcc-arm-none-eabi-5_4-2016q2/arm-none-eabi/lib/armv7-m/libc.a(lib_a-svfiprintf.o)
 .text._svfiprintf_r
                0x00000000      0xc4c /home/sunbeam/ARM/Toolchain/gcc-arm-none-eabi-5_4-2016q2/arm-none-eabi/lib/armv7-m/libc.a(lib_a-svfiprintf.o)
 .rodata.blanks.6999
                0x00000000       0x10 /home/sunbeam/ARM/Toolchain/gcc-arm-none-eabi-5_4-2016q2/arm-none-eabi/lib/armv7-m/libc.a(lib_a-svfiprintf.o)
 .rodata.str1.4
                0x00000000       0x2f /home/sunbeam/ARM/Toolchain/gcc-arm-none-eabi-5_4-2016q2/arm-none-eabi/lib/armv7-m/libc.a(lib_a-svfiprintf.o)
 .rodata.zeroes.7000
                0x00000000       0x10 /home/sunbeam/ARM/Toolchain/gcc-arm-none-eabi-5_4-2016q2/arm-none-eabi/lib/armv7-m/libc.a(lib_a-svfiprintf.o)
 .text          0x00000000        0x0 /home/sunbeam/ARM/Toolchain/gcc-arm-none-eabi-5_4-2016q2/arm-none-eabi/lib/armv7-m/libc.a(lib_a-__atexit.o)
 .data          0x00000000        0x0 /home/sunbeam/ARM/Toolchain/gcc-arm-none-eabi-5_4-2016q2/arm-none-eabi/lib/armv7-m/libc.a(lib_a-__atexit.o)
 .bss           0x00000000        0x0 /home/sunbeam/ARM/Toolchain/gcc-arm-none-eabi-5_4-2016q2/arm-none-eabi/lib/armv7-m/libc.a(lib_a-__atexit.o)
 .text          0x00000000        0x0 /home/sunbeam/ARM/Toolchain/gcc-arm-none-eabi-5_4-2016q2/arm-none-eabi/lib/armv7-m/libc.a(lib_a-callocr.o)
 .data          0x00000000        0x0 /home/sunbeam/ARM/Toolchain/gcc-arm-none-eabi-5_4-2016q2/arm-none-eabi/lib/armv7-m/libc.a(lib_a-callocr.o)
 .bss           0x00000000        0x0 /home/sunbeam/ARM/Toolchain/gcc-arm-none-eabi-5_4-2016q2/arm-none-eabi/lib/armv7-m/libc.a(lib_a-callocr.o)
 .text          0x00000000        0x0 /home/sunbeam/ARM/Toolchain/gcc-arm-none-eabi-5_4-2016q2/arm-none-eabi/lib/armv7-m/libc.a(lib_a-freer.o)
 .data          0x00000000        0x0 /home/sunbeam/ARM/Toolchain/gcc-arm-none-eabi-5_4-2016q2/arm-none-eabi/lib/armv7-m/libc.a(lib_a-freer.o)
 .bss           0x00000000        0x0 /home/sunbeam/ARM/Toolchain/gcc-arm-none-eabi-5_4-2016q2/arm-none-eabi/lib/armv7-m/libc.a(lib_a-freer.o)
 .text          0x00000000        0x0 /home/sunbeam/ARM/Toolchain/gcc-arm-none-eabi-5_4-2016q2/arm-none-eabi/lib/armv7-m/libc.a(lib_a-memmove.o)
 .data          0x00000000        0x0 /home/sunbeam/ARM/Toolchain/gcc-arm-none-eabi-5_4-2016q2/arm-none-eabi/lib/armv7-m/libc.a(lib_a-memmove.o)
 .bss           0x00000000        0x0 /home/sunbeam/ARM/Toolchain/gcc-arm-none-eabi-5_4-2016q2/arm-none-eabi/lib/armv7-m/libc.a(lib_a-memmove.o)
 .text          0x00000000        0x0 /home/sunbeam/ARM/Toolchain/gcc-arm-none-eabi-5_4-2016q2/arm-none-eabi/lib/armv7-m/libc.a(lib_a-reallocr.o)
 .data          0x00000000        0x0 /home/sunbeam/ARM/Toolchain/gcc-arm-none-eabi-5_4-2016q2/arm-none-eabi/lib/armv7-m/libc.a(lib_a-reallocr.o)
 .bss           0x00000000        0x0 /home/sunbeam/ARM/Toolchain/gcc-arm-none-eabi-5_4-2016q2/arm-none-eabi/lib/armv7-m/libc.a(lib_a-reallocr.o)
 .text          0x00000000        0x0 /home/sunbeam/ARM/Toolchain/gcc-arm-none-eabi-5_4-2016q2/arm-none-eabi/lib/armv7-m/libc.a(lib_a-reent.o)
 .data          0x00000000        0x0 /home/sunbeam/ARM/Toolchain/gcc-arm-none-eabi-5_4-2016q2/arm-none-eabi/lib/armv7-m/libc.a(lib_a-reent.o)
 .bss           0x00000000        0x0 /home/sunbeam/ARM/Toolchain/gcc-arm-none-eabi-5_4-2016q2/arm-none-eabi/lib/armv7-m/libc.a(lib_a-reent.o)
 .text.cleanup_glue
                0x00000000       0x1c /home/sunbeam/ARM/Toolchain/gcc-arm-none-eabi-5_4-2016q2/arm-none-eabi/lib/armv7-m/libc.a(lib_a-reent.o)
 .text._reclaim_reent
                0x00000000       0x88 /home/sunbeam/ARM/Toolchain/gcc-arm-none-eabi-5_4-2016q2/arm-none-eabi/lib/armv7-m/libc.a(lib_a-reent.o)
 .text          0x00000000        0x0 /home/sunbeam/ARM/Toolchain/gcc-arm-none-eabi-5_4-2016q2/arm-none-eabi/lib/armv7-m/libnosys.a(sbrk.o)
 .data          0x00000000        0x0 /home/sunbeam/ARM/Toolchain/gcc-arm-none-eabi-5_4-2016q2/arm-none-eabi/lib/armv7-m/libnosys.a(sbrk.o)
 .bss           0x00000000        0x0 /home/sunbeam/ARM/Toolchain/gcc-arm-none-eabi-5_4-2016q2/arm-none-eabi/lib/armv7-m/libnosys.a(sbrk.o)
 .data          0x00000000        0x0 /home/sunbeam/ARM/Toolchain/gcc-arm-none-eabi-5_4-2016q2/bin/../lib/gcc/arm-none-eabi/5.4.1/armv7-m/libgcc.a(_arm_addsubdf3.o)
 .bss           0x00000000        0x0 /home/sunbeam/ARM/Toolchain/gcc-arm-none-eabi-5_4-2016q2/bin/../lib/gcc/arm-none-eabi/5.4.1/armv7-m/libgcc.a(_arm_addsubdf3.o)
 .data          0x00000000        0x0 /home/sunbeam/ARM/Toolchain/gcc-arm-none-eabi-5_4-2016q2/bin/../lib/gcc/arm-none-eabi/5.4.1/armv7-m/libgcc.a(_arm_muldivdf3.o)
 .bss           0x00000000        0x0 /home/sunbeam/ARM/Toolchain/gcc-arm-none-eabi-5_4-2016q2/bin/../lib/gcc/arm-none-eabi/5.4.1/armv7-m/libgcc.a(_arm_muldivdf3.o)
 .data          0x00000000        0x0 /home/sunbeam/ARM/Toolchain/gcc-arm-none-eabi-5_4-2016q2/bin/../lib/gcc/arm-none-eabi/5.4.1/armv7-m/libgcc.a(_arm_cmpdf2.o)
 .bss           0x00000000        0x0 /home/sunbeam/ARM/Toolchain/gcc-arm-none-eabi-5_4-2016q2/bin/../lib/gcc/arm-none-eabi/5.4.1/armv7-m/libgcc.a(_arm_cmpdf2.o)
 .data          0x00000000        0x0 /home/sunbeam/ARM/Toolchain/gcc-arm-none-eabi-5_4-2016q2/bin/../lib/gcc/arm-none-eabi/5.4.1/armv7-m/libgcc.a(_arm_unorddf2.o)
 .bss           0x00000000        0x0 /home/sunbeam/ARM/Toolchain/gcc-arm-none-eabi-5_4-2016q2/bin/../lib/gcc/arm-none-eabi/5.4.1/armv7-m/libgcc.a(_arm_unorddf2.o)
 .data          0x00000000        0x0 /home/sunbeam/ARM/Toolchain/gcc-arm-none-eabi-5_4-2016q2/bin/../lib/gcc/arm-none-eabi/5.4.1/armv7-m/libgcc.a(_arm_fixdfsi.o)
 .bss           0x00000000        0x0 /home/sunbeam/ARM/Toolchain/gcc-arm-none-eabi-5_4-2016q2/bin/../lib/gcc/arm-none-eabi/5.4.1/armv7-m/libgcc.a(_arm_fixdfsi.o)
 .data          0x00000000        0x0 /home/sunbeam/ARM/Toolchain/gcc-arm-none-eabi-5_4-2016q2/bin/../lib/gcc/arm-none-eabi/5.4.1/armv7-m/libgcc.a(_aeabi_uldivmod.o)
 .bss           0x00000000        0x0 /home/sunbeam/ARM/Toolchain/gcc-arm-none-eabi-5_4-2016q2/bin/../lib/gcc/arm-none-eabi/5.4.1/armv7-m/libgcc.a(_aeabi_uldivmod.o)
 .data          0x00000000        0x0 /home/sunbeam/ARM/Toolchain/gcc-arm-none-eabi-5_4-2016q2/bin/../lib/gcc/arm-none-eabi/5.4.1/armv7-m/libgcc.a(_udivmoddi4.o)
 .bss           0x00000000        0x0 /home/sunbeam/ARM/Toolchain/gcc-arm-none-eabi-5_4-2016q2/bin/../lib/gcc/arm-none-eabi/5.4.1/armv7-m/libgcc.a(_udivmoddi4.o)
 .ARM.extab     0x00000000        0x0 /home/sunbeam/ARM/Toolchain/gcc-arm-none-eabi-5_4-2016q2/bin/../lib/gcc/arm-none-eabi/5.4.1/armv7-m/libgcc.a(_udivmoddi4.o)
 .data          0x00000000        0x0 /home/sunbeam/ARM/Toolchain/gcc-arm-none-eabi-5_4-2016q2/bin/../lib/gcc/arm-none-eabi/5.4.1/armv7-m/libgcc.a(_dvmd_tls.o)
 .bss           0x00000000        0x0 /home/sunbeam/ARM/Toolchain/gcc-arm-none-eabi-5_4-2016q2/bin/../lib/gcc/arm-none-eabi/5.4.1/armv7-m/libgcc.a(_dvmd_tls.o)
 .text          0x00000000        0x0 /home/sunbeam/ARM/Toolchain/gcc-arm-none-eabi-5_4-2016q2/bin/../lib/gcc/arm-none-eabi/5.4.1/armv7-m/crtend.o
 .data          0x00000000        0x0 /home/sunbeam/ARM/Toolchain/gcc-arm-none-eabi-5_4-2016q2/bin/../lib/gcc/arm-none-eabi/5.4.1/armv7-m/crtend.o
 .bss           0x00000000        0x0 /home/sunbeam/ARM/Toolchain/gcc-arm-none-eabi-5_4-2016q2/bin/../lib/gcc/arm-none-eabi/5.4.1/armv7-m/crtend.o
 .jcr           0x00000000        0x4 /home/sunbeam/ARM/Toolchain/gcc-arm-none-eabi-5_4-2016q2/bin/../lib/gcc/arm-none-eabi/5.4.1/armv7-m/crtend.o
 .text          0x00000000        0x0 /home/sunbeam/ARM/Toolchain/gcc-arm-none-eabi-5_4-2016q2/bin/../lib/gcc/arm-none-eabi/5.4.1/armv7-m/crtn.o
 .data          0x00000000        0x0 /home/sunbeam/ARM/Toolchain/gcc-arm-none-eabi-5_4-2016q2/bin/../lib/gcc/arm-none-eabi/5.4.1/armv7-m/crtn.o
 .bss           0x00000000        0x0 /home/sunbeam/ARM/Toolchain/gcc-arm-none-eabi-5_4-2016q2/bin/../lib/gcc/arm-none-eabi/5.4.1/armv7-m/crtn.o

Memory Configuration

Name             Origin             Length             Attributes
FLASH            0x00002000         0x0007e000         xr
RAM              0x100000c8         0x00007f38         xrw
USB_RAM          0x2007c000         0x00004000         xrw
ETH_RAM          0x20080000         0x00004000         xrw
*default*        0x00000000         0xffffffff

Linker script and memory map

LOAD /home/sunbeam/ARM/Toolchain/gcc-arm-none-eabi-5_4-2016q2/bin/../lib/gcc/arm-none-eabi/5.4.1/armv7-m/crti.o
LOAD /home/sunbeam/ARM/Toolchain/gcc-arm-none-eabi-5_4-2016q2/bin/../lib/gcc/arm-none-eabi/5.4.1/armv7-m/crtbegin.o
LOAD /home/sunbeam/ARM/Toolchain/gcc-arm-none-eabi-5_4-2016q2/bin/../lib/gcc/arm-none-eabi/5.4.1/../../../../arm-none-eabi/lib/armv7-m/crt0.o
LOAD main.o
LOAD startup_LPC17xx.o
LOAD system_LPC17xx.o
LOAD lcd.o
LOAD adc.o
LOAD /home/sunbeam/ARM/Toolchain/gcc-arm-none-eabi-5_4-2016q2/arm-none-eabi/lib/armv7-m/libstdc++.a
LOAD /home/sunbeam/ARM/Toolchain/gcc-arm-none-eabi-5_4-2016q2/arm-none-eabi/lib/armv7-m/libsupc++.a
LOAD /home/sunbeam/ARM/Toolchain/gcc-arm-none-eabi-5_4-2016q2/arm-none-eabi/lib/armv7-m/libm.a
LOAD /home/sunbeam/ARM/Toolchain/gcc-arm-none-eabi-5_4-2016q2/arm-none-eabi/lib/armv7-m/libc.a
LOAD /home/sunbeam/ARM/Toolchain/gcc-arm-none-eabi-5_4-2016q2/arm-none-eabi/lib/armv7-m/libg.a
LOAD /home/sunbeam/ARM/Toolchain/gcc-arm-none-eabi-5_4-2016q2/arm-none-eabi/lib/armv7-m/libnosys.a
LOAD /home/sunbeam/ARM/Toolchain/gcc-arm-none-eabi-5_4-2016q2/arm-none-eabi/lib/armv7-m/libstdc++.a
LOAD /home/sunbeam/ARM/Toolchain/gcc-arm-none-eabi-5_4-2016q2/arm-none-eabi/lib/armv7-m/libsupc++.a
LOAD /home/sunbeam/ARM/Toolchain/gcc-arm-none-eabi-5_4-2016q2/arm-none-eabi/lib/armv7-m/libm.a
LOAD /home/sunbeam/ARM/Toolchain/gcc-arm-none-eabi-5_4-2016q2/arm-none-eabi/lib/armv7-m/libc.a
LOAD /home/sunbeam/ARM/Toolchain/gcc-arm-none-eabi-5_4-2016q2/arm-none-eabi/lib/armv7-m/libg.a
LOAD /home/sunbeam/ARM/Toolchain/gcc-arm-none-eabi-5_4-2016q2/arm-none-eabi/lib/armv7-m/libnosys.a
START GROUP
LOAD /home/sunbeam/ARM/Toolchain/gcc-arm-none-eabi-5_4-2016q2/bin/../lib/gcc/arm-none-eabi/5.4.1/armv7-m/libgcc.a
LOAD /home/sunbeam/ARM/Toolchain/gcc-arm-none-eabi-5_4-2016q2/arm-none-eabi/lib/armv7-m/libc.a
END GROUP
LOAD /home/sunbeam/ARM/Toolchain/gcc-arm-none-eabi-5_4-2016q2/bin/../lib/gcc/arm-none-eabi/5.4.1/armv7-m/crtend.o
LOAD /home/sunbeam/ARM/Toolchain/gcc-arm-none-eabi-5_4-2016q2/bin/../lib/gcc/arm-none-eabi/5.4.1/armv7-m/crtn.o

.text           0x00002000     0x5288
 *(.isr_vector)
 .isr_vector    0x00002000       0xc4 startup_LPC17xx.o
                0x00002000                g_pfnVectors
 *(.text*)
 .text          0x000020c4       0x5c /home/sunbeam/ARM/Toolchain/gcc-arm-none-eabi-5_4-2016q2/bin/../lib/gcc/arm-none-eabi/5.4.1/armv7-m/crtbegin.o
 .text.main     0x00002120       0x64 main.o
                0x00002120                main
 .text.Reset_Handler
                0x00002184       0x70 startup_LPC17xx.o
                0x00002184                Reset_Handler
 .text.Default_Handler
                0x000021f4        0x8 startup_LPC17xx.o
                0x000021f4                TIMER2_IRQHandler
                0x000021f4                DebugMon_Handler
                0x000021f4                RIT_IRQHandler
                0x000021f4                I2C0_IRQHandler
                0x000021f4                SysTick_Handler
                0x000021f4                PWM1_IRQHandler
                0x000021f4                PendSV_Handler
                0x000021f4                I2C1_IRQHandler
                0x000021f4                EINT2_IRQHandler
                0x000021f4                UART1_IRQHandler
                0x000021f4                EINT3_IRQHandler
                0x000021f4                TIMER3_IRQHandler
                0x000021f4                UART0_IRQHandler
                0x000021f4                UsageFault_Handler
                0x000021f4                PLL0_IRQHandler
                0x000021f4                CAN_IRQHandler
                0x000021f4                PLL1_IRQHandler
                0x000021f4                SSP0_IRQHandler
                0x000021f4                I2S_IRQHandler
                0x000021f4                I2C2_IRQHandler
                0x000021f4                RTC_IRQHandler
                0x000021f4                TIMER0_IRQHandler
                0x000021f4                SPI_IRQHandler
                0x000021f4                EINT1_IRQHandler
                0x000021f4                TIMER1_IRQHandler
                0x000021f4                UART2_IRQHandler
                0x000021f4                Default_Handler
                0x000021f4                ADC_IRQHandler
                0x000021f4                SSP1_IRQHandler
                0x000021f4                USB_IRQHandler
                0x000021f4                BOD_IRQHandler
                0x000021f4                MemManage_Handler
                0x000021f4                WDT_IRQHandler
                0x000021f4                SVC_Handler
                0x000021f4                QEI_IRQHandler
                0x000021f4                EINT0_IRQHandler
                0x000021f4                DMA_IRQHandler
                0x000021f4                BusFault_Handler
                0x000021f4                UART3_IRQHandler
                0x000021f4                MCPWM_IRQHandler
                0x000021f4                ENET_IRQHandler
 .text.SystemInit
                0x000021fc      0x13c system_LPC17xx.o
                0x000021fc                SystemInit
 .text.sw_delay
                0x00002338       0x40 system_LPC17xx.o
                0x00002338                sw_delay
 .text.LCDInit  0x00002378       0x58 lcd.o
                0x00002378                LCDInit
 .text.busy     0x000023d0       0x58 lcd.o
                0x000023d0                busy
 .text.SendData
                0x00002428       0x48 lcd.o
                0x00002428                SendData
 .text.sendnibble
                0x00002470       0x74 lcd.o
                0x00002470                sendnibble
 .text.enterdata
                0x000024e4       0x48 lcd.o
                0x000024e4                enterdata
 .text.ADCinit  0x0000252c       0x54 adc.o
                0x0000252c                ADCinit
 .text.adc_read
                0x00002580       0x34 adc.o
                0x00002580                adc_read
 .text.memset   0x000025b4       0x9c /home/sunbeam/ARM/Toolchain/gcc-arm-none-eabi-5_4-2016q2/arm-none-eabi/lib/armv7-m/libc.a(lib_a-memset.o)
                0x000025b4                memset
 .text.sprintf  0x00002650       0x4c /home/sunbeam/ARM/Toolchain/gcc-arm-none-eabi-5_4-2016q2/arm-none-eabi/lib/armv7-m/libc.a(lib_a-sprintf.o)
                0x00002650                sprintf
 .text._svfprintf_r
                0x0000269c     0x175c /home/sunbeam/ARM/Toolchain/gcc-arm-none-eabi-5_4-2016q2/arm-none-eabi/lib/armv7-m/libc.a(lib_a-svfprintf.o)
                0x0000269c                _svfprintf_r
 .text.startup.register_fini
                0x00003df8       0x14 /home/sunbeam/ARM/Toolchain/gcc-arm-none-eabi-5_4-2016q2/arm-none-eabi/lib/armv7-m/libc.a(lib_a-__call_atexit.o)
 .text.atexit   0x00003e0c        0xc /home/sunbeam/ARM/Toolchain/gcc-arm-none-eabi-5_4-2016q2/arm-none-eabi/lib/armv7-m/libc.a(lib_a-atexit.o)
                0x00003e0c                atexit
 .text.quorem   0x00003e18      0x12c /home/sunbeam/ARM/Toolchain/gcc-arm-none-eabi-5_4-2016q2/arm-none-eabi/lib/armv7-m/libc.a(lib_a-dtoa.o)
 *fill*         0x00003f44        0x4 
 .text._dtoa_r  0x00003f48      0xe4c /home/sunbeam/ARM/Toolchain/gcc-arm-none-eabi-5_4-2016q2/arm-none-eabi/lib/armv7-m/libc.a(lib_a-dtoa.o)
                0x00003f48                _dtoa_r
 .text.__libc_fini_array
                0x00004d94       0x28 /home/sunbeam/ARM/Toolchain/gcc-arm-none-eabi-5_4-2016q2/arm-none-eabi/lib/armv7-m/libc.a(lib_a-fini.o)
                0x00004d94                __libc_fini_array
 .text._localeconv_r
                0x00004dbc        0x8 /home/sunbeam/ARM/Toolchain/gcc-arm-none-eabi-5_4-2016q2/arm-none-eabi/lib/armv7-m/libc.a(lib_a-locale.o)
                0x00004dbc                _localeconv_r
 .text._malloc_r
                0x00004dc4      0x558 /home/sunbeam/ARM/Toolchain/gcc-arm-none-eabi-5_4-2016q2/arm-none-eabi/lib/armv7-m/libc.a(lib_a-mallocr.o)
                0x00004dc4                _malloc_r
 .text.memchr   0x0000531c       0x8c /home/sunbeam/ARM/Toolchain/gcc-arm-none-eabi-5_4-2016q2/arm-none-eabi/lib/armv7-m/libc.a(lib_a-memchr-stub.o)
                0x0000531c                memchr
 .text          0x000053a8       0xec /home/sunbeam/ARM/Toolchain/gcc-arm-none-eabi-5_4-2016q2/arm-none-eabi/lib/armv7-m/libc.a(lib_a-memcpy.o)
                0x000053a8                memcpy
 .text.__malloc_lock
                0x00005494        0x4 /home/sunbeam/ARM/Toolchain/gcc-arm-none-eabi-5_4-2016q2/arm-none-eabi/lib/armv7-m/libc.a(lib_a-mlock.o)
                0x00005494                __malloc_lock
 .text.__malloc_unlock
                0x00005498        0x4 /home/sunbeam/ARM/Toolchain/gcc-arm-none-eabi-5_4-2016q2/arm-none-eabi/lib/armv7-m/libc.a(lib_a-mlock.o)
                0x00005498                __malloc_unlock
 .text._Balloc  0x0000549c       0x50 /home/sunbeam/ARM/Toolchain/gcc-arm-none-eabi-5_4-2016q2/arm-none-eabi/lib/armv7-m/libc.a(lib_a-mprec.o)
                0x0000549c                _Balloc
 .text._Bfree   0x000054ec       0x14 /home/sunbeam/ARM/Toolchain/gcc-arm-none-eabi-5_4-2016q2/arm-none-eabi/lib/armv7-m/libc.a(lib_a-mprec.o)
                0x000054ec                _Bfree
 .text.__multadd
                0x00005500       0x80 /home/sunbeam/ARM/Toolchain/gcc-arm-none-eabi-5_4-2016q2/arm-none-eabi/lib/armv7-m/libc.a(lib_a-mprec.o)
                0x00005500                __multadd
 .text.__hi0bits
                0x00005580       0x40 /home/sunbeam/ARM/Toolchain/gcc-arm-none-eabi-5_4-2016q2/arm-none-eabi/lib/armv7-m/libc.a(lib_a-mprec.o)
                0x00005580                __hi0bits
 .text.__lo0bits
                0x000055c0       0x5c /home/sunbeam/ARM/Toolchain/gcc-arm-none-eabi-5_4-2016q2/arm-none-eabi/lib/armv7-m/libc.a(lib_a-mprec.o)
                0x000055c0                __lo0bits
 .text.__i2b    0x0000561c       0x14 /home/sunbeam/ARM/Toolchain/gcc-arm-none-eabi-5_4-2016q2/arm-none-eabi/lib/armv7-m/libc.a(lib_a-mprec.o)
                0x0000561c                __i2b
 .text.__multiply
                0x00005630      0x13c /home/sunbeam/ARM/Toolchain/gcc-arm-none-eabi-5_4-2016q2/arm-none-eabi/lib/armv7-m/libc.a(lib_a-mprec.o)
                0x00005630                __multiply
 .text.__pow5mult
                0x0000576c       0xa0 /home/sunbeam/ARM/Toolchain/gcc-arm-none-eabi-5_4-2016q2/arm-none-eabi/lib/armv7-m/libc.a(lib_a-mprec.o)
                0x0000576c                __pow5mult
 .text.__lshift
                0x0000580c       0xac /home/sunbeam/ARM/Toolchain/gcc-arm-none-eabi-5_4-2016q2/arm-none-eabi/lib/armv7-m/libc.a(lib_a-mprec.o)
                0x0000580c                __lshift
 .text.__mcmp   0x000058b8       0x40 /home/sunbeam/ARM/Toolchain/gcc-arm-none-eabi-5_4-2016q2/arm-none-eabi/lib/armv7-m/libc.a(lib_a-mprec.o)
                0x000058b8                __mcmp
 .text.__mdiff  0x000058f8      0x128 /home/sunbeam/ARM/Toolchain/gcc-arm-none-eabi-5_4-2016q2/arm-none-eabi/lib/armv7-m/libc.a(lib_a-mprec.o)
                0x000058f8                __mdiff
 .text.__d2b    0x00005a20       0xa8 /home/sunbeam/ARM/Toolchain/gcc-arm-none-eabi-5_4-2016q2/arm-none-eabi/lib/armv7-m/libc.a(lib_a-mprec.o)
                0x00005a20                __d2b
 .text._sbrk_r  0x00005ac8       0x24 /home/sunbeam/ARM/Toolchain/gcc-arm-none-eabi-5_4-2016q2/arm-none-eabi/lib/armv7-m/libc.a(lib_a-sbrkr.o)
                0x00005ac8                _sbrk_r
 .text.strlen   0x00005aec       0x5c /home/sunbeam/ARM/Toolchain/gcc-arm-none-eabi-5_4-2016q2/arm-none-eabi/lib/armv7-m/libc.a(lib_a-strlen-stub.o)
                0x00005aec                strlen
 .text.__ssprint_r
                0x00005b48      0x100 /home/sunbeam/ARM/Toolchain/gcc-arm-none-eabi-5_4-2016q2/arm-none-eabi/lib/armv7-m/libc.a(lib_a-svfiprintf.o)
                0x00005b48                __ssprint_r
 .text.__register_exitproc
                0x00005c48       0xa4 /home/sunbeam/ARM/Toolchain/gcc-arm-none-eabi-5_4-2016q2/arm-none-eabi/lib/armv7-m/libc.a(lib_a-__atexit.o)
                0x00005c48                __register_exitproc
 .text._calloc_r
                0x00005cec       0x60 /home/sunbeam/ARM/Toolchain/gcc-arm-none-eabi-5_4-2016q2/arm-none-eabi/lib/armv7-m/libc.a(lib_a-callocr.o)
                0x00005cec                _calloc_r
 .text._malloc_trim_r
                0x00005d4c       0x9c /home/sunbeam/ARM/Toolchain/gcc-arm-none-eabi-5_4-2016q2/arm-none-eabi/lib/armv7-m/libc.a(lib_a-freer.o)
                0x00005d4c                _malloc_trim_r
 .text._free_r  0x00005de8      0x1d0 /home/sunbeam/ARM/Toolchain/gcc-arm-none-eabi-5_4-2016q2/arm-none-eabi/lib/armv7-m/libc.a(lib_a-freer.o)
                0x00005de8                _free_r
 .text.memmove  0x00005fb8       0xc8 /home/sunbeam/ARM/Toolchain/gcc-arm-none-eabi-5_4-2016q2/arm-none-eabi/lib/armv7-m/libc.a(lib_a-memmove.o)
                0x00005fb8                memmove
 .text._realloc_r
                0x00006080      0x3d4 /home/sunbeam/ARM/Toolchain/gcc-arm-none-eabi-5_4-2016q2/arm-none-eabi/lib/armv7-m/libc.a(lib_a-reallocr.o)
                0x00006080                _realloc_r
 .text._sbrk    0x00006454       0x1c /home/sunbeam/ARM/Toolchain/gcc-arm-none-eabi-5_4-2016q2/arm-none-eabi/lib/armv7-m/libnosys.a(sbrk.o)
                0x00006454                _sbrk
 .text          0x00006470      0x370 /home/sunbeam/ARM/Toolchain/gcc-arm-none-eabi-5_4-2016q2/bin/../lib/gcc/arm-none-eabi/5.4.1/armv7-m/libgcc.a(_arm_addsubdf3.o)
                0x00006470                __aeabi_drsub
                0x00006478                __aeabi_dsub
                0x00006478                __subdf3
                0x0000647c                __adddf3
                0x0000647c                __aeabi_dadd
                0x000066f4                __aeabi_ui2d
                0x000066f4                __floatunsidf
                0x00006714                __floatsidf
                0x00006714                __aeabi_i2d
                0x00006738                __extendsfdf2
                0x00006738                __aeabi_f2d
                0x00006774                __aeabi_ul2d
                0x00006774                __floatundidf
                0x00006784                __floatdidf
                0x00006784                __aeabi_l2d
 .text          0x000067e0      0x424 /home/sunbeam/ARM/Toolchain/gcc-arm-none-eabi-5_4-2016q2/bin/../lib/gcc/arm-none-eabi/5.4.1/armv7-m/libgcc.a(_arm_muldivdf3.o)
                0x000067e0                __aeabi_dmul
                0x000067e0                __muldf3
                0x00006a34                __aeabi_ddiv
                0x00006a34                __divdf3
 .text          0x00006c04      0x110 /home/sunbeam/ARM/Toolchain/gcc-arm-none-eabi-5_4-2016q2/bin/../lib/gcc/arm-none-eabi/5.4.1/armv7-m/libgcc.a(_arm_cmpdf2.o)
                0x00006c04                __gtdf2
                0x00006c04                __gedf2
                0x00006c0c                __ltdf2
                0x00006c0c                __ledf2
                0x00006c14                __cmpdf2
                0x00006c14                __eqdf2
                0x00006c14                __nedf2
                0x00006c90                __aeabi_cdrcmple
                0x00006ca0                __aeabi_cdcmple
                0x00006ca0                __aeabi_cdcmpeq
                0x00006cb0                __aeabi_dcmpeq
                0x00006cc4                __aeabi_dcmplt
                0x00006cd8                __aeabi_dcmple
                0x00006cec                __aeabi_dcmpge
                0x00006d00                __aeabi_dcmpgt
 .text          0x00006d14       0x2c /home/sunbeam/ARM/Toolchain/gcc-arm-none-eabi-5_4-2016q2/bin/../lib/gcc/arm-none-eabi/5.4.1/armv7-m/libgcc.a(_arm_unorddf2.o)
                0x00006d14                __aeabi_dcmpun
                0x00006d14                __unorddf2
 .text          0x00006d40       0x50 /home/sunbeam/ARM/Toolchain/gcc-arm-none-eabi-5_4-2016q2/bin/../lib/gcc/arm-none-eabi/5.4.1/armv7-m/libgcc.a(_arm_fixdfsi.o)
                0x00006d40                __fixdfsi
                0x00006d40                __aeabi_d2iz
 .text          0x00006d90       0x30 /home/sunbeam/ARM/Toolchain/gcc-arm-none-eabi-5_4-2016q2/bin/../lib/gcc/arm-none-eabi/5.4.1/armv7-m/libgcc.a(_aeabi_uldivmod.o)
                0x00006d90                __aeabi_uldivmod
 .text          0x00006dc0      0x2ec /home/sunbeam/ARM/Toolchain/gcc-arm-none-eabi-5_4-2016q2/bin/../lib/gcc/arm-none-eabi/5.4.1/armv7-m/libgcc.a(_udivmoddi4.o)
                0x00006dc0                __udivmoddi4
 .text          0x000070ac        0x4 /home/sunbeam/ARM/Toolchain/gcc-arm-none-eabi-5_4-2016q2/bin/../lib/gcc/arm-none-eabi/5.4.1/armv7-m/libgcc.a(_dvmd_tls.o)
                0x000070ac                __aeabi_ldiv0
                0x000070ac                __aeabi_idiv0
 *(.init)
 .init          0x000070b0        0x4 /home/sunbeam/ARM/Toolchain/gcc-arm-none-eabi-5_4-2016q2/bin/../lib/gcc/arm-none-eabi/5.4.1/armv7-m/crti.o
                0x000070b0                _init
 .init          0x000070b4        0x8 /home/sunbeam/ARM/Toolchain/gcc-arm-none-eabi-5_4-2016q2/bin/../lib/gcc/arm-none-eabi/5.4.1/armv7-m/crtn.o
 *(.fini)
 .fini          0x000070bc        0x4 /home/sunbeam/ARM/Toolchain/gcc-arm-none-eabi-5_4-2016q2/bin/../lib/gcc/arm-none-eabi/5.4.1/armv7-m/crti.o
                0x000070bc                _fini
 .fini          0x000070c0        0x8 /home/sunbeam/ARM/Toolchain/gcc-arm-none-eabi-5_4-2016q2/bin/../lib/gcc/arm-none-eabi/5.4.1/armv7-m/crtn.o
 *crtbegin.o(.ctors)
 *crtbegin?.o(.ctors)
 *(EXCLUDE_FILE(*crtend.o *crtend?.o) .ctors)
 *(SORT(.ctors.*))
 *(.ctors)
 *crtbegin.o(.dtors)
 *crtbegin?.o(.dtors)
 *(EXCLUDE_FILE(*crtend.o *crtend?.o) .dtors)
 *(SORT(.dtors.*))
 *(.dtors)
 *(.rodata*)
 .rodata        0x000070c8       0x34 main.o
 .rodata.str1.4
                0x000070fc        0x2 /home/sunbeam/ARM/Toolchain/gcc-arm-none-eabi-5_4-2016q2/arm-none-eabi/lib/armv7-m/libc.a(lib_a-impure.o)
 *fill*         0x000070fe        0x2 
 .rodata._global_impure_ptr
                0x00007100        0x4 /home/sunbeam/ARM/Toolchain/gcc-arm-none-eabi-5_4-2016q2/arm-none-eabi/lib/armv7-m/libc.a(lib_a-impure.o)
                0x00007100                _global_impure_ptr
 .rodata.blanks.7055
                0x00007104       0x10 /home/sunbeam/ARM/Toolchain/gcc-arm-none-eabi-5_4-2016q2/arm-none-eabi/lib/armv7-m/libc.a(lib_a-svfprintf.o)
 .rodata.str1.4
                0x00007114       0x42 /home/sunbeam/ARM/Toolchain/gcc-arm-none-eabi-5_4-2016q2/arm-none-eabi/lib/armv7-m/libc.a(lib_a-svfprintf.o)
 *fill*         0x00007156        0x2 
 .rodata.zeroes.7056
                0x00007158       0x10 /home/sunbeam/ARM/Toolchain/gcc-arm-none-eabi-5_4-2016q2/arm-none-eabi/lib/armv7-m/libc.a(lib_a-svfprintf.o)
 .rodata.str1.4
                0x00007168       0x10 /home/sunbeam/ARM/Toolchain/gcc-arm-none-eabi-5_4-2016q2/arm-none-eabi/lib/armv7-m/libc.a(lib_a-dtoa.o)
                                 0x12 (size before relaxing)
 .rodata.str1.4
                0x00007178        0xc /home/sunbeam/ARM/Toolchain/gcc-arm-none-eabi-5_4-2016q2/arm-none-eabi/lib/armv7-m/libc.a(lib_a-locale.o)
                                 0x12 (size before relaxing)
 *fill*         0x00007184        0x4 
 .rodata.__mprec_tens
                0x00007188       0xc8 /home/sunbeam/ARM/Toolchain/gcc-arm-none-eabi-5_4-2016q2/arm-none-eabi/lib/armv7-m/libc.a(lib_a-mprec.o)
                0x00007188                __mprec_tens
 .rodata.__mprec_bigtens
                0x00007250       0x28 /home/sunbeam/ARM/Toolchain/gcc-arm-none-eabi-5_4-2016q2/arm-none-eabi/lib/armv7-m/libc.a(lib_a-mprec.o)
                0x00007250                __mprec_bigtens
 .rodata.p05.5396
                0x00007278        0xc /home/sunbeam/ARM/Toolchain/gcc-arm-none-eabi-5_4-2016q2/arm-none-eabi/lib/armv7-m/libc.a(lib_a-mprec.o)
 *(.eh_frame*)
 .eh_frame      0x00007284        0x0 /home/sunbeam/ARM/Toolchain/gcc-arm-none-eabi-5_4-2016q2/bin/../lib/gcc/arm-none-eabi/5.4.1/armv7-m/crtbegin.o
 .eh_frame      0x00007284        0x4 /home/sunbeam/ARM/Toolchain/gcc-arm-none-eabi-5_4-2016q2/bin/../lib/gcc/arm-none-eabi/5.4.1/armv7-m/crtend.o

.glue_7         0x00007288        0x0
 .glue_7        0x00007288        0x0 linker stubs

.glue_7t        0x00007288        0x0
 .glue_7t       0x00007288        0x0 linker stubs

.vfp11_veneer   0x00007288        0x0
 .vfp11_veneer  0x00007288        0x0 linker stubs

.v4_bx          0x00007288        0x0
 .v4_bx         0x00007288        0x0 linker stubs

.iplt           0x00007288        0x0
 .iplt          0x00007288        0x0 /home/sunbeam/ARM/Toolchain/gcc-arm-none-eabi-5_4-2016q2/bin/../lib/gcc/arm-none-eabi/5.4.1/armv7-m/crtbegin.o

.ARM.extab
 *(.ARM.extab* .gnu.linkonce.armextab.*)
                0x00007288                __exidx_start = .

.ARM.exidx      0x00007288        0x8
 *(.ARM.exidx* .gnu.linkonce.armexidx.*)
 .ARM.exidx     0x00007288        0x8 /home/sunbeam/ARM/Toolchain/gcc-arm-none-eabi-5_4-2016q2/bin/../lib/gcc/arm-none-eabi/5.4.1/armv7-m/libgcc.a(_udivmoddi4.o)
                0x00007290                __exidx_end = .
                0x00007290                __etext = .
                0x00007290                __sidata = __etext

.rel.dyn        0x00007290        0x0
 .rel.iplt      0x00007290        0x0 /home/sunbeam/ARM/Toolchain/gcc-arm-none-eabi-5_4-2016q2/bin/../lib/gcc/arm-none-eabi/5.4.1/armv7-m/crtbegin.o

.data           0x100000c8      0x880 load address 0x00007290
                0x100000c8                __data_start__ = .
 *(vtable)
 *(.data*)
 .data.impure_data
                0x100000c8      0x428 /home/sunbeam/ARM/Toolchain/gcc-arm-none-eabi-5_4-2016q2/arm-none-eabi/lib/armv7-m/libc.a(lib_a-impure.o)
 .data._impure_ptr
                0x100004f0        0x4 /home/sunbeam/ARM/Toolchain/gcc-arm-none-eabi-5_4-2016q2/arm-none-eabi/lib/armv7-m/libc.a(lib_a-impure.o)
                0x100004f0                _impure_ptr
 .data.lconv    0x100004f4       0x38 /home/sunbeam/ARM/Toolchain/gcc-arm-none-eabi-5_4-2016q2/arm-none-eabi/lib/armv7-m/libc.a(lib_a-locale.o)
 .data.__malloc_av_
                0x1000052c      0x408 /home/sunbeam/ARM/Toolchain/gcc-arm-none-eabi-5_4-2016q2/arm-none-eabi/lib/armv7-m/libc.a(lib_a-mallocr.o)
                0x1000052c                __malloc_av_
 .data.__malloc_trim_threshold
                0x10000934        0x4 /home/sunbeam/ARM/Toolchain/gcc-arm-none-eabi-5_4-2016q2/arm-none-eabi/lib/armv7-m/libc.a(lib_a-mallocr.o)
                0x10000934                __malloc_trim_threshold
 .data.__malloc_sbrk_base
                0x10000938        0x4 /home/sunbeam/ARM/Toolchain/gcc-arm-none-eabi-5_4-2016q2/arm-none-eabi/lib/armv7-m/libc.a(lib_a-mallocr.o)
                0x10000938                __malloc_sbrk_base
                0x1000093c                . = ALIGN (0x4)
                0x1000093c                PROVIDE (__preinit_array_start, .)
 *(.preinit_array)
                0x1000093c                PROVIDE (__preinit_array_end, .)
                0x1000093c                . = ALIGN (0x4)
                0x1000093c                PROVIDE (__init_array_start, .)
 *(SORT(.init_array.*))
 .init_array.00000
                0x1000093c        0x4 /home/sunbeam/ARM/Toolchain/gcc-arm-none-eabi-5_4-2016q2/arm-none-eabi/lib/armv7-m/libc.a(lib_a-__call_atexit.o)
 *(.init_array)
 .init_array    0x10000940        0x4 /home/sunbeam/ARM/Toolchain/gcc-arm-none-eabi-5_4-2016q2/bin/../lib/gcc/arm-none-eabi/5.4.1/armv7-m/crtbegin.o
                0x10000944                PROVIDE (__init_array_end, .)
                0x10000944                . = ALIGN (0x4)
                0x10000944                PROVIDE (__fini_array_start, .)
 *(SORT(.fini_array.*))
 *(.fini_array)
 .fini_array    0x10000944        0x4 /home/sunbeam/ARM/Toolchain/gcc-arm-none-eabi-5_4-2016q2/bin/../lib/gcc/arm-none-eabi/5.4.1/armv7-m/crtbegin.o
                0x10000948                PROVIDE (__fini_array_end, .)
                0x10000948                . = ALIGN (0x4)
                0x10000948                __data_end__ = .

.jcr            0x10000948        0x0 load address 0x00007b10
 .jcr           0x10000948        0x0 /home/sunbeam/ARM/Toolchain/gcc-arm-none-eabi-5_4-2016q2/bin/../lib/gcc/arm-none-eabi/5.4.1/armv7-m/crtbegin.o

.igot.plt       0x10000948        0x0 load address 0x00007b10
 .igot.plt      0x10000948        0x0 /home/sunbeam/ARM/Toolchain/gcc-arm-none-eabi-5_4-2016q2/bin/../lib/gcc/arm-none-eabi/5.4.1/armv7-m/crtbegin.o

.stackarea      0x10000948      0x800 load address 0x00007b10
 .stackarea     0x10000948      0x800 startup_LPC17xx.o
                0x10000948                pulStack

.bss            0x10001148       0x58 load address 0x00008310
                0x10001148                __bss_start__ = .
 *(.bss*)
 .bss           0x10001148       0x1c /home/sunbeam/ARM/Toolchain/gcc-arm-none-eabi-5_4-2016q2/bin/../lib/gcc/arm-none-eabi/5.4.1/armv7-m/crtbegin.o
 .bss.__malloc_max_total_mem
                0x10001164        0x4 /home/sunbeam/ARM/Toolchain/gcc-arm-none-eabi-5_4-2016q2/arm-none-eabi/lib/armv7-m/libc.a(lib_a-mallocr.o)
                0x10001164                __malloc_max_total_mem
 .bss.__malloc_max_sbrked_mem
                0x10001168        0x4 /home/sunbeam/ARM/Toolchain/gcc-arm-none-eabi-5_4-2016q2/arm-none-eabi/lib/armv7-m/libc.a(lib_a-mallocr.o)
                0x10001168                __malloc_max_sbrked_mem
 .bss.__malloc_top_pad
                0x1000116c        0x4 /home/sunbeam/ARM/Toolchain/gcc-arm-none-eabi-5_4-2016q2/arm-none-eabi/lib/armv7-m/libc.a(lib_a-mallocr.o)
                0x1000116c                __malloc_top_pad
 .bss.__malloc_current_mallinfo
                0x10001170       0x28 /home/sunbeam/ARM/Toolchain/gcc-arm-none-eabi-5_4-2016q2/arm-none-eabi/lib/armv7-m/libc.a(lib_a-mallocr.o)
                0x10001170                __malloc_current_mallinfo
 .bss.heap_end.4167
                0x10001198        0x4 /home/sunbeam/ARM/Toolchain/gcc-arm-none-eabi-5_4-2016q2/arm-none-eabi/lib/armv7-m/libnosys.a(sbrk.o)
 *(COMMON)
 COMMON         0x1000119c        0x4 /home/sunbeam/ARM/Toolchain/gcc-arm-none-eabi-5_4-2016q2/arm-none-eabi/lib/armv7-m/libc.a(lib_a-reent.o)
                0x1000119c                errno
                0x100011a0                __bss_end__ = .

.heap           0x100011a0        0x0
                0x100011a0                __end__ = .
                0x100011a0                end = __end__
 *(.heap*)
                0x100011a0                __HeapLimit = .

.stack_dummy    0x100011a0        0x0
 *(.stack)
                0x10008000                __StackTop = (ORIGIN (RAM) + LENGTH (RAM))
                0x10008000                __StackLimit = (__StackTop - SIZEOF (.stack_dummy))
                0x10008000                PROVIDE (__stack, __StackTop)
                0x00000001                ASSERT ((__StackLimit >= __HeapLimit), region RAM overflowed with stack)
OUTPUT(basic.elf elf32-littlearm)

.ARM.attributes
                0x00000000       0x29
 .ARM.attributes
                0x00000000       0x1d /home/sunbeam/ARM/Toolchain/gcc-arm-none-eabi-5_4-2016q2/bin/../lib/gcc/arm-none-eabi/5.4.1/armv7-m/crti.o
 .ARM.attributes
                0x0000001d       0x2d /home/sunbeam/ARM/Toolchain/gcc-arm-none-eabi-5_4-2016q2/bin/../lib/gcc/arm-none-eabi/5.4.1/armv7-m/crtbegin.o
 .ARM.attributes
                0x0000004a       0x33 main.o
 .ARM.attributes
                0x0000007d       0x33 startup_LPC17xx.o
 .ARM.attributes
                0x000000b0       0x33 system_LPC17xx.o
 .ARM.attributes
                0x000000e3       0x33 lcd.o
 .ARM.attributes
                0x00000116       0x33 adc.o
 .ARM.attributes
                0x00000149       0x2d /home/sunbeam/ARM/Toolchain/gcc-arm-none-eabi-5_4-2016q2/arm-none-eabi/lib/armv7-m/libc.a(lib_a-impure.o)
 .ARM.attributes
                0x00000176       0x2d /home/sunbeam/ARM/Toolchain/gcc-arm-none-eabi-5_4-2016q2/arm-none-eabi/lib/armv7-m/libc.a(lib_a-memset.o)
 .ARM.attributes
                0x000001a3       0x2d /home/sunbeam/ARM/Toolchain/gcc-arm-none-eabi-5_4-2016q2/arm-none-eabi/lib/armv7-m/libc.a(lib_a-sprintf.o)
 .ARM.attributes
                0x000001d0       0x2d /home/sunbeam/ARM/Toolchain/gcc-arm-none-eabi-5_4-2016q2/arm-none-eabi/lib/armv7-m/libc.a(lib_a-svfprintf.o)
 .ARM.attributes
                0x000001fd       0x2d /home/sunbeam/ARM/Toolchain/gcc-arm-none-eabi-5_4-2016q2/arm-none-eabi/lib/armv7-m/libc.a(lib_a-__call_atexit.o)
 .ARM.attributes
                0x0000022a       0x2d /home/sunbeam/ARM/Toolchain/gcc-arm-none-eabi-5_4-2016q2/arm-none-eabi/lib/armv7-m/libc.a(lib_a-atexit.o)
 .ARM.attributes
                0x00000257       0x2d /home/sunbeam/ARM/Toolchain/gcc-arm-none-eabi-5_4-2016q2/arm-none-eabi/lib/armv7-m/libc.a(lib_a-dtoa.o)
 .ARM.attributes
                0x00000284       0x2d /home/sunbeam/ARM/Toolchain/gcc-arm-none-eabi-5_4-2016q2/arm-none-eabi/lib/armv7-m/libc.a(lib_a-fini.o)
 .ARM.attributes
                0x000002b1       0x2d /home/sunbeam/ARM/Toolchain/gcc-arm-none-eabi-5_4-2016q2/arm-none-eabi/lib/armv7-m/libc.a(lib_a-locale.o)
 .ARM.attributes
                0x000002de       0x2d /home/sunbeam/ARM/Toolchain/gcc-arm-none-eabi-5_4-2016q2/arm-none-eabi/lib/armv7-m/libc.a(lib_a-mallocr.o)
 .ARM.attributes
                0x0000030b       0x2d /home/sunbeam/ARM/Toolchain/gcc-arm-none-eabi-5_4-2016q2/arm-none-eabi/lib/armv7-m/libc.a(lib_a-memchr-stub.o)
 .ARM.attributes
                0x00000338       0x1b /home/sunbeam/ARM/Toolchain/gcc-arm-none-eabi-5_4-2016q2/arm-none-eabi/lib/armv7-m/libc.a(lib_a-memcpy.o)
 .ARM.attributes
                0x00000353       0x2d /home/sunbeam/ARM/Toolchain/gcc-arm-none-eabi-5_4-2016q2/arm-none-eabi/lib/armv7-m/libc.a(lib_a-mlock.o)
 .ARM.attributes
                0x00000380       0x2d /home/sunbeam/ARM/Toolchain/gcc-arm-none-eabi-5_4-2016q2/arm-none-eabi/lib/armv7-m/libc.a(lib_a-mprec.o)
 .ARM.attributes
                0x000003ad       0x2d /home/sunbeam/ARM/Toolchain/gcc-arm-none-eabi-5_4-2016q2/arm-none-eabi/lib/armv7-m/libc.a(lib_a-sbrkr.o)
 .ARM.attributes
                0x000003da       0x2d /home/sunbeam/ARM/Toolchain/gcc-arm-none-eabi-5_4-2016q2/arm-none-eabi/lib/armv7-m/libc.a(lib_a-strlen-stub.o)
 .ARM.attributes
                0x00000407       0x2d /home/sunbeam/ARM/Toolchain/gcc-arm-none-eabi-5_4-2016q2/arm-none-eabi/lib/armv7-m/libc.a(lib_a-svfiprintf.o)
 .ARM.attributes
                0x00000434       0x2d /home/sunbeam/ARM/Toolchain/gcc-arm-none-eabi-5_4-2016q2/arm-none-eabi/lib/armv7-m/libc.a(lib_a-__atexit.o)
 .ARM.attributes
                0x00000461       0x2d /home/sunbeam/ARM/Toolchain/gcc-arm-none-eabi-5_4-2016q2/arm-none-eabi/lib/armv7-m/libc.a(lib_a-callocr.o)
 .ARM.attributes
                0x0000048e       0x2d /home/sunbeam/ARM/Toolchain/gcc-arm-none-eabi-5_4-2016q2/arm-none-eabi/lib/armv7-m/libc.a(lib_a-freer.o)
 .ARM.attributes
                0x000004bb       0x2d /home/sunbeam/ARM/Toolchain/gcc-arm-none-eabi-5_4-2016q2/arm-none-eabi/lib/armv7-m/libc.a(lib_a-memmove.o)
 .ARM.attributes
                0x000004e8       0x2d /home/sunbeam/ARM/Toolchain/gcc-arm-none-eabi-5_4-2016q2/arm-none-eabi/lib/armv7-m/libc.a(lib_a-reallocr.o)
 .ARM.attributes
                0x00000515       0x2d /home/sunbeam/ARM/Toolchain/gcc-arm-none-eabi-5_4-2016q2/arm-none-eabi/lib/armv7-m/libc.a(lib_a-reent.o)
 .ARM.attributes
                0x00000542       0x2d /home/sunbeam/ARM/Toolchain/gcc-arm-none-eabi-5_4-2016q2/arm-none-eabi/lib/armv7-m/libnosys.a(sbrk.o)
 .ARM.attributes
                0x0000056f       0x1d /home/sunbeam/ARM/Toolchain/gcc-arm-none-eabi-5_4-2016q2/bin/../lib/gcc/arm-none-eabi/5.4.1/armv7-m/libgcc.a(_arm_addsubdf3.o)
 .ARM.attributes
                0x0000058c       0x1d /home/sunbeam/ARM/Toolchain/gcc-arm-none-eabi-5_4-2016q2/bin/../lib/gcc/arm-none-eabi/5.4.1/armv7-m/libgcc.a(_arm_muldivdf3.o)
 .ARM.attributes
                0x000005a9       0x1d /home/sunbeam/ARM/Toolchain/gcc-arm-none-eabi-5_4-2016q2/bin/../lib/gcc/arm-none-eabi/5.4.1/armv7-m/libgcc.a(_arm_cmpdf2.o)
 .ARM.attributes
                0x000005c6       0x1d /home/sunbeam/ARM/Toolchain/gcc-arm-none-eabi-5_4-2016q2/bin/../lib/gcc/arm-none-eabi/5.4.1/armv7-m/libgcc.a(_arm_unorddf2.o)
 .ARM.attributes
                0x000005e3       0x1d /home/sunbeam/ARM/Toolchain/gcc-arm-none-eabi-5_4-2016q2/bin/../lib/gcc/arm-none-eabi/5.4.1/armv7-m/libgcc.a(_arm_fixdfsi.o)
 .ARM.attributes
                0x00000600       0x1d /home/sunbeam/ARM/Toolchain/gcc-arm-none-eabi-5_4-2016q2/bin/../lib/gcc/arm-none-eabi/5.4.1/armv7-m/libgcc.a(_aeabi_uldivmod.o)
 .ARM.attributes
                0x0000061d       0x2d /home/sunbeam/ARM/Toolchain/gcc-arm-none-eabi-5_4-2016q2/bin/../lib/gcc/arm-none-eabi/5.4.1/armv7-m/libgcc.a(_udivmoddi4.o)
 .ARM.attributes
                0x0000064a       0x1d /home/sunbeam/ARM/Toolchain/gcc-arm-none-eabi-5_4-2016q2/bin/../lib/gcc/arm-none-eabi/5.4.1/armv7-m/libgcc.a(_dvmd_tls.o)
 .ARM.attributes
                0x00000667       0x2d /home/sunbeam/ARM/Toolchain/gcc-arm-none-eabi-5_4-2016q2/bin/../lib/gcc/arm-none-eabi/5.4.1/armv7-m/crtend.o
 .ARM.attributes
                0x00000694       0x1d /home/sunbeam/ARM/Toolchain/gcc-arm-none-eabi-5_4-2016q2/bin/../lib/gcc/arm-none-eabi/5.4.1/armv7-m/crtn.o

.comment        0x00000000       0x6e
 .comment       0x00000000       0x6e main.o
                                 0x6f (size before relaxing)
 .comment       0x0000006e       0x6f startup_LPC17xx.o
 .comment       0x0000006e       0x6f system_LPC17xx.o
 .comment       0x0000006e       0x6f lcd.o
 .comment       0x0000006e       0x6f adc.o

.debug_frame    0x00000000      0x8d4
 .debug_frame   0x00000000       0x34 /home/sunbeam/ARM/Toolchain/gcc-arm-none-eabi-5_4-2016q2/arm-none-eabi/lib/armv7-m/libc.a(lib_a-memset.o)
 .debug_frame   0x00000034       0x84 /home/sunbeam/ARM/Toolchain/gcc-arm-none-eabi-5_4-2016q2/arm-none-eabi/lib/armv7-m/libc.a(lib_a-sprintf.o)
 .debug_frame   0x000000b8       0x44 /home/sunbeam/ARM/Toolchain/gcc-arm-none-eabi-5_4-2016q2/arm-none-eabi/lib/armv7-m/libc.a(lib_a-svfprintf.o)
 .debug_frame   0x000000fc       0x50 /home/sunbeam/ARM/Toolchain/gcc-arm-none-eabi-5_4-2016q2/arm-none-eabi/lib/armv7-m/libc.a(lib_a-__call_atexit.o)
 .debug_frame   0x0000014c       0x20 /home/sunbeam/ARM/Toolchain/gcc-arm-none-eabi-5_4-2016q2/arm-none-eabi/lib/armv7-m/libc.a(lib_a-atexit.o)
 .debug_frame   0x0000016c       0x84 /home/sunbeam/ARM/Toolchain/gcc-arm-none-eabi-5_4-2016q2/arm-none-eabi/lib/armv7-m/libc.a(lib_a-dtoa.o)
 .debug_frame   0x000001f0       0x34 /home/sunbeam/ARM/Toolchain/gcc-arm-none-eabi-5_4-2016q2/arm-none-eabi/lib/armv7-m/libc.a(lib_a-fini.o)
 .debug_frame   0x00000224       0x9c /home/sunbeam/ARM/Toolchain/gcc-arm-none-eabi-5_4-2016q2/arm-none-eabi/lib/armv7-m/libc.a(lib_a-locale.o)
 .debug_frame   0x000002c0       0x54 /home/sunbeam/ARM/Toolchain/gcc-arm-none-eabi-5_4-2016q2/arm-none-eabi/lib/armv7-m/libc.a(lib_a-mallocr.o)
 .debug_frame   0x00000314       0x34 /home/sunbeam/ARM/Toolchain/gcc-arm-none-eabi-5_4-2016q2/arm-none-eabi/lib/armv7-m/libc.a(lib_a-memchr-stub.o)
 .debug_frame   0x00000348       0x30 /home/sunbeam/ARM/Toolchain/gcc-arm-none-eabi-5_4-2016q2/arm-none-eabi/lib/armv7-m/libc.a(lib_a-mlock.o)
 .debug_frame   0x00000378      0x264 /home/sunbeam/ARM/Toolchain/gcc-arm-none-eabi-5_4-2016q2/arm-none-eabi/lib/armv7-m/libc.a(lib_a-mprec.o)
 .debug_frame   0x000005dc       0x2c /home/sunbeam/ARM/Toolchain/gcc-arm-none-eabi-5_4-2016q2/arm-none-eabi/lib/armv7-m/libc.a(lib_a-sbrkr.o)
 .debug_frame   0x00000608       0x20 /home/sunbeam/ARM/Toolchain/gcc-arm-none-eabi-5_4-2016q2/arm-none-eabi/lib/armv7-m/libc.a(lib_a-strlen-stub.o)
 .debug_frame   0x00000628       0x78 /home/sunbeam/ARM/Toolchain/gcc-arm-none-eabi-5_4-2016q2/arm-none-eabi/lib/armv7-m/libc.a(lib_a-svfiprintf.o)
 .debug_frame   0x000006a0       0x34 /home/sunbeam/ARM/Toolchain/gcc-arm-none-eabi-5_4-2016q2/arm-none-eabi/lib/armv7-m/libc.a(lib_a-__atexit.o)
 .debug_frame   0x000006d4       0x28 /home/sunbeam/ARM/Toolchain/gcc-arm-none-eabi-5_4-2016q2/arm-none-eabi/lib/armv7-m/libc.a(lib_a-callocr.o)
 .debug_frame   0x000006fc       0x74 /home/sunbeam/ARM/Toolchain/gcc-arm-none-eabi-5_4-2016q2/arm-none-eabi/lib/armv7-m/libc.a(lib_a-freer.o)
 .debug_frame   0x00000770       0x30 /home/sunbeam/ARM/Toolchain/gcc-arm-none-eabi-5_4-2016q2/arm-none-eabi/lib/armv7-m/libc.a(lib_a-memmove.o)
 .debug_frame   0x000007a0       0x58 /home/sunbeam/ARM/Toolchain/gcc-arm-none-eabi-5_4-2016q2/arm-none-eabi/lib/armv7-m/libc.a(lib_a-reallocr.o)
 .debug_frame   0x000007f8       0x58 /home/sunbeam/ARM/Toolchain/gcc-arm-none-eabi-5_4-2016q2/arm-none-eabi/lib/armv7-m/libc.a(lib_a-reent.o)
 .debug_frame   0x00000850       0x20 /home/sunbeam/ARM/Toolchain/gcc-arm-none-eabi-5_4-2016q2/arm-none-eabi/lib/armv7-m/libnosys.a(sbrk.o)
 .debug_frame   0x00000870       0x2c /home/sunbeam/ARM/Toolchain/gcc-arm-none-eabi-5_4-2016q2/bin/../lib/gcc/arm-none-eabi/5.4.1/armv7-m/libgcc.a(_aeabi_uldivmod.o)
 .debug_frame   0x0000089c       0x38 /home/sunbeam/ARM/Toolchain/gcc-arm-none-eabi-5_4-2016q2/bin/../lib/gcc/arm-none-eabi/5.4.1/armv7-m/libgcc.a(_udivmoddi4.o)
